// Jest Snapshot v1, https://goo.gl/fbAQLP

exports[`[MyProvider] rendering test component and snapshot matches 1`] = `
<View>
  <Text
    testID="TEXT"
  >
    {
  "user": {
    "displayName": "",
    "age": 0,
    "job": ""
  }
}
  </Text>
  <View
    accessibilityRole="button"
    accessible={true}
    collapsable={false}
    focusable={true}
    onClick={[Function]}
    onResponderGrant={[Function]}
    onResponderMove={[Function]}
    onResponderRelease={[Function]}
    onResponderTerminate={[Function]}
    onResponderTerminationRequest={[Function]}
    onStartShouldSetResponder={[Function]}
    style={
      Object {
        "opacity": 1,
      }
    }
    testID="BUTTON"
  >
    <View
      style={
        Array [
          Object {},
        ]
      }
    >
      <Text
        style={
          Array [
            Object {
              "color": "#007AFF",
              "fontSize": 18,
              "margin": 8,
              "textAlign": "center",
            },
          ]
        }
      >
        Button
      </Text>
    </View>
  </View>
</View>
`;
